../Core/Src/main.c:80:6:get_SineVal	16	static
../Core/Src/main.c:85:6:map	24	static
../Core/Src/main.c:94:5:main	16	static
../Core/Src/main.c:158:6:SystemClock_Config	88	static
../Core/Src/main.c:204:13:MX_ADC1_Init	24	static
../Core/Src/main.c:256:13:MX_DAC_Init	16	static
../Core/Src/main.c:296:13:MX_I2C1_Init	8	static
../Core/Src/main.c:330:13:MX_TIM2_Init	32	static
../Core/Src/main.c:373:13:MX_DMA_Init	16	static
../Core/Src/main.c:391:13:MX_GPIO_Init	56	static
../Core/Src/main.c:494:6:HAL_ADC_ConvCpltCallback	24	static
../Core/Src/main.c:505:6:Error_Handler	4	static,ignoring_inline_asm
